<html>
<body>
<pre>
<h1>µVision Build Log</h1>
<h2>Project:</h2>
D:\ÖÇÄÜÉúÌ¬Óã¸×\CodeM0\lcd-test - 2.3\lcd-test.uvproj
Project File Date:  03/02/2018

<h2>Output:</h2>
Build target 'Target 1'
compiling delay.c...
compiling demo.c...
.\User\demo.h(33): warning:  #1295-D: Deprecated declaration menu21_0 - give arg types
  void menu21_0();
User\demo.c(1960): warning:  #550-D: variable "x" was set but never used
        int x[2],y,z;
User\demo.c(1984): warning:  #550-D: variable "y" was set but never used
        int x[2],y,z;
User\demo.c(2006): warning:  #550-D: variable "x" was set but never used
        int x[2],y,z;
User\demo.c: 4 warnings, 0 errors
compiling DS1390.c...
.\User\DS1390.h(5): warning:  #1295-D: Deprecated declaration readtime - give arg types
  unsigned int readtime() ;
.\User\DS1390.h(6): warning:  #1295-D: Deprecated declaration readtime2 - give arg types
  unsigned int readtime2();
User\DS1390.c: 2 warnings, 0 errors
linking...
Program Size: Code=58288 RO-data=4156 RW-data=108 ZI-data=1164  
FromELF: creating hex file...
After Build - User command #1: fromelf --bin ".\lcd-test.axf" --output ".\obj\lcd-test.bin"
After Build - User command #2: fromelf --text -c ".\lcd-test.axf" --output ".\obj\lcd-test.txt"
".\lcd-test.axf" - 0 Error(s), 6 Warning(s).
</pre>
</body>
</html>
 
FromELF: creating hex file...
After Build - User command #1: fromelf --bin ".\lcd-test.axf" --output ".\obj\lcd-test.bin"
After Build - User command #2: fromelf --text -c ".\lcd-test.axf" --output ".\obj\lcd-test.txt"
".\lcd-test.axf" - 0 Error(s), 8 Warning(s).
).
