ARM Linker, 5.03 [Build 76] [MDK-ARM Standard]

==============================================================================

Section Cross References

    startup_m051series.o(STACK) refers (Special) to heapauxi.o(.text) for __use_two_region_memory
    startup_m051series.o(HEAP) refers (Special) to heapauxi.o(.text) for __use_two_region_memory
    startup_m051series.o(RESET) refers (Special) to heapauxi.o(.text) for __use_two_region_memory
    startup_m051series.o(RESET) refers to startup_m051series.o(STACK) for __initial_sp
    startup_m051series.o(RESET) refers to startup_m051series.o(.text) for Reset_Handler
    startup_m051series.o(RESET) refers to retarget.o(.emb_text) for HardFault_Handler
    startup_m051series.o(RESET) refers to main.o(.text) for EINT0_IRQHandler
    startup_m051series.o(.text) refers (Special) to heapauxi.o(.text) for __use_two_region_memory
    startup_m051series.o(.text) refers to system_m051series.o(.text) for SystemInit
    startup_m051series.o(.text) refers to __main.o(!!!main) for __main
    startup_m051series.o(.text) refers to startup_m051series.o(HEAP) for Heap_Mem
    startup_m051series.o(.text) refers to startup_m051series.o(STACK) for Stack_Mem
    system_m051series.o(.text) refers to aeabi_sdiv.o(.text) for __aeabi_uidivmod
    system_m051series.o(.text) refers to system_m051series.o(.data) for PllClock
    system_m051series.o(.text) refers to system_m051series.o(.constdata) for gau32ClkSrcTbl
    lcd_driver.o(.text) refers to delay.o(.text) for delay_ms
    lcd_driver.o(.text) refers to gpio.o(.text) for GPIO_SetMode
    main.o(.text) refers to _printf_pad.o(.text) for _printf_pre_padding
    main.o(.text) refers to _printf_percent.o(.ARM.Collect$$_printf_percent$$00000000) for _printf_percent
    main.o(.text) refers to _printf_x.o(.ARM.Collect$$_printf_percent$$0000000C) for _printf_x
    main.o(.text) refers to _printf_hex_int.o(.text) for _printf_longlong_hex
    main.o(.text) refers to _printf_d.o(.ARM.Collect$$_printf_percent$$00000009) for _printf_d
    main.o(.text) refers to _printf_dec.o(.text) for _printf_int_dec
    main.o(.text) refers to _printf_f.o(.ARM.Collect$$_printf_percent$$00000003) for _printf_f
    main.o(.text) refers to printf1.o(x$fpl$printf1) for _printf_fp_dec
    main.o(.text) refers to ds1390.o(.text) for readtime
    main.o(.text) refers to demo.o(.text) for time_now1
    main.o(.text) refers to noretval__2printf.o(.text) for __2printf
    main.o(.text) refers to faddsub.o(x$fpl$fsub) for __aeabi_fsub
    main.o(.text) refers to frlef.o(x$fpl$frleqf) for __aeabi_cfrcmple
    main.o(.text) refers to faddsub.o(x$fpl$fadd) for __aeabi_fadd
    main.o(.text) refers to flef.o(x$fpl$fleqf) for __aeabi_cfcmple
    main.o(.text) refers to main.o(.data) for s
    main.o(.text) refers to delay.o(.text) for delay_us
    main.o(.text) refers to fmc.o(.text) for FMC_Open
    main.o(.text) refers to main.o(.bss) for u32
    main.o(.text) refers to fmul.o(x$fpl$fmul) for __aeabi_fmul
    main.o(.text) refers to ffixi.o(.text) for __aeabi_f2iz
    main.o(.text) refers to f2d.o(.text) for __aeabi_f2d
    main.o(.text) refers to dlef.o(x$fpl$dleqf) for __aeabi_cdcmple
    main.o(.text) refers to daddsub.o(.text) for __aeabi_dadd
    main.o(.text) refers to d2f.o(.text) for __aeabi_d2f
    main.o(.text) refers to clk.o(.text) for CLK_EnableXtalRC
    main.o(.text) refers to gpio.o(.text) for GPIO_SetMode
    main.o(.text) refers to system_m051series.o(.text) for SystemCoreClockUpdate
    main.o(.text) refers to sys.o(.text) for SYS_ResetModule
    main.o(.text) refers to uart.o(.text) for UART_Open
    main.o(.text) refers to spi.o(.text) for SPI_Open
    main.o(.text) refers to timer.o(.text) for TIMER_Open
    main.o(.text) refers to fflti.o(.text) for __aeabi_i2f
    main.o(.text) refers to aeabi_sdiv.o(.text) for __aeabi_idivmod
    main.o(.text) refers to dflti.o(.text) for __aeabi_i2d
    main.o(.text) refers to dmul.o(.text) for __aeabi_dmul
    main.o(.text) refers to lcd_driver.o(.text) for LCD_Init
    main.o(.text) refers to ds18b20.o(.text) for ds18b20_init
    main.o(.text) refers to relay.o(.text) for relay_init
    main.o(.text) refers to system_m051series.o(.data) for SystemCoreClock
    gui.o(.text) refers to lcd_driver.o(.text) for Gui_DrawPoint
    gui.o(.text) refers to gui.o(.constdata) for hz10
    demo.o(.text) refers to lcd_driver.o(.text) for Lcd_Clear
    demo.o(.text) refers to gui.o(.text) for Gui_DrawFont_C
    demo.o(.text) refers to aeabi_sdiv.o(.text) for __aeabi_idivmod
    demo.o(.text) refers to fmul.o(x$fpl$fmul) for __aeabi_fmul
    demo.o(.text) refers to ffixi.o(.text) for __aeabi_f2iz
    demo.o(.text) refers to ds18b20.o(.text) for read_temp_ds18b20
    demo.o(.text) refers to fflti.o(.text) for __aeabi_i2f
    demo.o(.text) refers to dflti.o(.text) for __aeabi_i2d
    demo.o(.text) refers to dmul.o(.text) for __aeabi_dmul
    demo.o(.text) refers to d2f.o(.text) for __aeabi_d2f
[...]
    ../clib/printf.c                         0x00000000   Number         0  _printf_hex_ll_ptr.o ABSOLUTE
    ../clib/printf.c                         0x00000000   Number         0  _printf_hex_int_ptr.o ABSOLUTE
    ../clib/printf.c                         0x00000000   Number         0  _printf_hex_ptr.o ABSOLUTE
    ../clib/printf.c                         0x00000000   Number         0  _printf_hex_int_ll.o ABSOLUTE
    ../clib/printf.c                         0x00000000   Number         0  __printf_ss.o ABSOLUTE
    ../clib/printf.c                         0x00000000   Number         0  __printf_flags_ss.o ABSOLUTE
    ../clib/printf.c                         0x00000000   Number         0  __printf_wp.o ABSOLUTE
    ../clib/printf.c                         0x00000000   Number         0  __printf_flags_wp.o ABSOLUTE
    ../clib/printf.c                         0x00000000   Number         0  _printf_hex_int.o ABSOLUTE
    ../clib/printf.c                         0x00000000   Number         0  __printf_ss_wp.o ABSOLUTE
    ../clib/printf.c                         0x00000000   Number         0  __printf_flags_ss_wp.o ABSOLUTE
    ../clib/printf.c                         0x00000000   Number         0  _printf_hex_ll.o ABSOLUTE
    ../clib/printf.c                         0x00000000   Number         0  __printf_nopercent.o ABSOLUTE
    ../clib/printf.c                         0x00000000   Number         0  __printf_flags.o ABSOLUTE
    ../clib/printf.c                         0x00000000   Number         0  _printf_fp_infnan.o ABSOLUTE
    ../clib/printf.c                         0x00000000   Number         0  _printf_char_file.o ABSOLUTE
    ../clib/printf.c                         0x00000000   Number         0  _printf_char_common.o ABSOLUTE
    ../clib/printf.c                         0x00000000   Number         0  _printf_fp_dec.o ABSOLUTE
    ../clib/printf.c                         0x00000000   Number         0  _printf_intcommon.o ABSOLUTE
    ../clib/printf.c                         0x00000000   Number         0  _printf_dec.o ABSOLUTE
    ../clib/printf.c                         0x00000000   Number         0  _printf_pad.o ABSOLUTE
    ../clib/printf.c                         0x00000000   Number         0  __printf.o ABSOLUTE
    ../clib/printf.c                         0x00000000   Number         0  noretval__2printf.o ABSOLUTE
    ../clib/printf_percent.s                 0x00000000   Number         0  _printf_percent_end.o ABSOLUTE
    ../clib/printf_percent.s                 0x00000000   Number         0  _printf_d.o ABSOLUTE
    ../clib/printf_percent.s                 0x00000000   Number         0  _printf_x.o ABSOLUTE
    ../clib/printf_percent.s                 0x00000000   Number         0  _printf_percent.o ABSOLUTE
    ../clib/printf_percent.s                 0x00000000   Number         0  _printf_f.o ABSOLUTE
    ../clib/signal.c                         0x00000000   Number         0  defsig_pvfn_inner.o ABSOLUTE
    ../clib/signal.c                         0x00000000   Number         0  defsig_cppl_inner.o ABSOLUTE
    ../clib/signal.c                         0x00000000   Number         0  defsig_rtmem_formal.o ABSOLUTE
    ../clib/signal.c                         0x00000000   Number         0  defsig_segv_inner.o ABSOLUTE
    ../clib/signal.c                         0x00000000   Number         0  defsig_rtmem_outer.o ABSOLUTE
    ../clib/signal.c                         0x00000000   Number         0  defsig_other.o ABSOLUTE
    ../clib/signal.c                         0x00000000   Number         0  defsig_abrt_inner.o ABSOLUTE
    ../clib/signal.c                         0x00000000   Number         0  defsig_fpe_formal.o ABSOLUTE
    ../clib/signal.c                         0x00000000   Number         0  defsig_general.o ABSOLUTE
    ../clib/signal.c                         0x00000000   Number         0  __raise.o ABSOLUTE
    ../clib/signal.c                         0x00000000   Number         0  defsig_rtred_inner.o ABSOLUTE
    ../clib/signal.c                         0x00000000   Number         0  defsig_rtmem_inner.o ABSOLUTE
    ../clib/signal.c                         0x00000000   Number         0  defsig_exit.o ABSOLUTE
    ../clib/signal.c                         0x00000000   Number         0  defsig_fpe_inner.o ABSOLUTE
    ../clib/signal.c                         0x00000000   Number         0  defsig_fpe_outer.o ABSOLUTE
    ../clib/signal.c                         0x00000000   Number         0  defsig_stak_inner.o ABSOLUTE
    ../clib/signal.s                         0x00000000   Number         0  defsig.o ABSOLUTE
    ../clib/stdlib.c                         0x00000000   Number         0  exit.o ABSOLUTE
    ../clib/string.c                         0x00000000   Number         0  strcmp.o ABSOLUTE
    ../fplib/cfplib/cmpret.c                 0x00000000   Number         0  cmpret.o ABSOLUTE
    ../fplib/cfplib/d2f.c                    0x00000000   Number         0  d2f.o ABSOLUTE
    ../fplib/cfplib/daddsub.c                0x00000000   Number         0  daddsub.o ABSOLUTE
    ../fplib/cfplib/dcmpin.c                 0x00000000   Number         0  dcmpin.o ABSOLUTE
    ../fplib/cfplib/dmul.c                   0x00000000   Number         0  dmul.o ABSOLUTE
    ../fplib/cfplib/f2d.c                    0x00000000   Number         0  f2d.o ABSOLUTE
    ../fplib/cfplib/fcmpin.c                 0x00000000   Number         0  fcmpin.o ABSOLUTE
    ../fplib/cfplib/ffix.c                   0x00000000   Number         0  ffixi.o ABSOLUTE
    ../fplib/cfplib/fflt.c                   0x00000000   Number         0  fflti.o ABSOLUTE
    ../fplib/cfplib/fflt.c                   0x00000000   Number         0  dflti.o ABSOLUTE
    ../fplib/cfplib/fpinit.c                 0x00000000   Number         0  fpinit.o ABSOLUTE
    ../fplib/cfplib/ieee_status.c            0x00000000   Number         0  ieee_status.o ABSOLUTE
    ../fplib/cfplib/nan2.c                   0x00000000   Number         0  fnan2.o ABSOLUTE
    ../fplib/cfplib/nan2.c                   0x00000000   Number         0  dnan2.o ABSOLUTE
    ../fplib/cfplib/retnan.c                 0x00000000   Number         0  retnan.o ABSOLUTE
    ../fplib/dleqf6m.s                       0x00000000   Number         0  dlef.o ABSOLUTE
    ../fplib/faddsub6m.s                     0x00000000   Number         0  faddsub.o ABSOLUTE
    ../fplib/fleqf6m.s                       0x00000000   Number         0  flef.o ABSOLUTE
    ../fplib/fmul6m.s                        0x00000000   Number         0  fmul.o ABSOLUTE
    ../fplib/frleqf6m.s                      0x00000000   Number         0  frlef.o ABSOLUTE
    ../fplib/printf1.s                       0x00000000   Number         0  printf1.o ABSOLUTE
    ../fplib/usenofp.s                       0x00000000   Number         0  usenofp.o ABSOLUTE
    ../mathlib/fpclassify.c                  0x00000000   Number         0  fpclassify.o ABSOLUTE
    CMSIS\\system_M051Series.c               0x00000000   Number         0  system_m051series.o ABSOLUTE
    CMSIS\system_M051Series.c                0x00000000   Number         0  system_m051series.o ABSOLUTE
    Lib\\src\\clk.c                          0x00000000   Number         0  clk.o ABSOLUTE
    Lib\\src\\fmc.c                          0x00000000   Number         0  fmc.o ABSOLUTE
    Lib\\src\\gpio.c                         0x00000000   Number         0  gpio.o ABSOLUTE
    Lib\\src\\retarget.c                     0x00000000   Number         0  retarget.o ABSOLUTE
    Lib\\src\\spi.c                          0x00000000   Number         0  spi.o ABSOLUTE
    Lib\\src\\sys.c                          0x00000000   Number         0  sys.o ABSOLUTE
    Lib\\src\\timer.c                        0x00000000   Number         0  timer.o ABSOLUTE
    Lib\\src\\uart.c                         0x00000000   Number         0  uart.o ABSOLUTE
    Lib\src\clk.c                            0x00000000   Number         0  clk.o ABSOLUTE
    Lib\src\fmc.c                            0x00000000   Number         0  fmc.o ABSOLUTE
    Lib\src\gpio.c                           0x00000000   Number         0  gpio.o ABSOLUTE
    Lib\src\retarget.c                       0x00000000   Number         0  retarget.o ABSOLUTE
    Lib\src\spi.c                            0x00000000   Number         0  spi.o ABSOLUTE
    Lib\src\sys.c                            0x00000000   Number         0  sys.o ABSOLUTE
    Lib\src\timer.c                          0x00000000   Number         0  timer.o ABSOLUTE
    Lib\src\uart.c                           0x00000000   Number         0  uart.o ABSOLUTE
    User\DS1390.c                            0x00000000   Number         0  ds1390.o ABSOLUTE
    User\DS18B20.c                           0x00000000   Number         0  ds18b20.o ABSOLUTE
    User\GUI.c                               0x00000000   Number         0  gui.o ABSOLUTE
    User\Lcd_Driver.c                        0x00000000   Number         0  lcd_driver.o ABSOLUTE
    User\Relay.c                             0x00000000   Number         0  relay.o ABSOLUTE
    User\\DS1390.c                           0x00000000   Number         0  ds1390.o ABSOLUTE
    User\\DS18B20.c                          0x00000000   Number         0  ds18b20.o ABSOLUTE
    User\\GUI.c                              0x00000000   Number         0  gui.o ABSOLUTE
    User\\Lcd_Driver.c                       0x00000000   Number         0  lcd_driver.o ABSOLUTE
    User\\Relay.c                            0x00000000   Number         0  relay.o ABSOLUTE
    User\\delay.c                            0x00000000   Number         0  delay.o ABSOLUTE
    User\\demo.c                             0x00000000   Number         0  demo.o ABSOLUTE
    User\\main.c                             0x00000000   Number         0  main.o ABSOLUTE
    User\delay.c                             0x00000000   Number         0  delay.o ABSOLUTE
    User\demo.c                              0x00000000   Number         0  demo.o ABSOLUTE
    User\main.c                              0x00000000   Number         0  main.o ABSOLUTE
    dc.s                                     0x00000000   Number         0  dc.o ABSOLUTE
    startup_M051Series.s                     0x00000000   Number         0  startup_m051series.o ABSOLUTE
    !!!main                                  0x000000c0   Section        8  __main.o(!!!main)
    !!!scatter                               0x000000c8   Section       60  __scatter.o(!!!scatter)
    !!handler_copy                           0x00000104   Section       26  __scatter_copy.o(!!handler_copy)
    !!handler_zi                             0x00000120   Section       28  __scatter_zi.o(!!handler_zi)
    .ARM.Collect$$_printf_percent$$00000000  0x0000013c   Section        2  _printf_percent.o(.ARM.Collect$$_printf_percent$$00000000)
    .ARM.Collect$$_printf_percent$$00000003  0x0000013e   Section       10  _printf_f.o(.ARM.Collect$$_printf_percent$$00000003)
    .ARM.Collect$$_printf_percent$$00000009  0x00000148   Section       10  _printf_d.o(.ARM.Collect$$_printf_percent$$00000009)
    .ARM.Collect$$_printf_percent$$0000000C  0x00000152   Section       10  _printf_x.o(.ARM.Collect$$_printf_percent$$0000000C)
    .ARM.Collect$$_printf_percent$$00000017  0x0000015c   Section        4  _printf_percent_end.o(.ARM.Collect$$_printf_percent$$00000017)
    .ARM.Collect$$libinit$$00000000          0x00000160   Section        2  libinit.o(.ARM.Collect$$libinit$$00000000)
    .ARM.Collect$$libinit$$00000001          0x00000162   Section        4  libinit2.o(.ARM.Collect$$libinit$$00000001)
    .ARM.Collect$$libinit$$00000008          0x00000166   Section        0  libinit2.o(.ARM.Collect$$libinit$$00000008)
    .ARM.Collect$$libinit$$0000000A          0x00000166   Section        0  libinit2.o(.ARM.Collect$$libinit$$0000000A)
    .ARM.Collect$$libinit$$0000000C          0x00000166   Section        0  libinit2.o(.ARM.Collect$$libinit$$0000000C)
    .ARM.Collect$$libinit$$0000000D          0x00000166   Section        6  libinit2.o(.ARM.Collect$$libinit$$0000000D)
    .ARM.Collect$$libinit$$0000000F          0x0000016c   Section        0  libinit2.o(.ARM.Collect$$libinit$$0000000F)
    .ARM.Collect$$libinit$$00000011          0x0000016c   Section        0  libinit2.o(.ARM.Collect$$libinit$$00000011)
    .ARM.Collect$$libinit$$00000013          0x0000016c   Section        0  libinit2.o(.ARM.Collect$$libinit$$00000013)
    .ARM.Collect$$libinit$$00000014          0x0000016c   Section       10  libinit2.o(.ARM.Collect$$libinit$$00000014)
    .ARM.Collect$$libinit$$00000015          0x00000176   Section        0  libinit2.o(.ARM.Collect$$libinit$$00000015)
    .ARM.Collect$$libinit$$00000017          0x00000176   Section        0  libinit2.o(.ARM.Collect$$libinit$$00000017)
    .ARM.Collect$$libinit$$00000019          0x00000176   Section        0  libinit2.o(.ARM.Collect$$libinit$$00000019)
    .ARM.Collect$$libinit$$0000001B          0x00000176   Section        0  libinit2.o(.ARM.Collect$$libinit$$0000001B)
    .ARM.Collect$$libinit$$0000001D          0x00000176   Section        0  libinit2.o(.ARM.Collect$$libinit$$0000001D)
    .ARM.Collect$$libinit$$0000001F          0x00000176   Section        0  libinit2.o(.ARM.Collect$$libinit$$0000001F)
    .ARM.Collect$$libinit$$00000021          0x00000176   Section        0  libinit2.o(.ARM.Collect$$libinit$$00000021)
    .ARM.Collect$$libinit$$00000023          0x00000176   Section        0  libinit2.o(.ARM.Collect$$libinit$$00000023)
    .ARM.Collect$$libinit$$0000002A          0x00000176   Section        0  libinit2.o(.ARM.Collect$$libinit$$0000002A)
    .ARM.Collect$$libinit$$0000002C          0x00000176   Section        0  libinit2.o(.ARM.Collect$$libinit$$0000002C)
    .ARM.Collect$$libinit$$0000002E          0x00000176   Section        0  libinit2.o(.ARM.Collect$$libinit$$0000002E)
    .ARM.Collect$$libinit$$00000030          0x00000176   Section        0  libinit2.o(.ARM.Collect$$libinit$$00000030)
    .ARM.Collect$$libinit$$00000031          0x00000176   Section        2  libinit2.o(.ARM.Collect$$libinit$$00000031)
    .ARM.Collect$$libshutdown$$00000000      0x00000178   Section        2  libshutdown.o(.ARM.Collect$$libshutdown$$00000000)
    .ARM.Collect$$libshutdown$$00000003      0x0000017a   Section        0  libshutdown2.o(.ARM.Collect$$libshutdown$$00000003)
    .ARM.Collect$$libshutdown$$00000006      0x0000017a   Section        0  libshutdown2.o(.ARM.Collect$$libshutdown$$00000006)
    .ARM.Collect$$libshutdown$$00000009      0x0000017a   Section        0  libshutdown2.o(.ARM.Collect$$libshutdown$$00000009)
    .ARM.Collect$$libshutdown$$0000000B      0x0000017a   Section        0  libshutdown2.o(.ARM.Collect$$libshutdown$$0000000B)
    .ARM.Collect$$libshutdown$$0000000E      0x0000017a   Section        0  libshutdown2.o(.ARM.Collect$$libshutdown$$0000000E)
    .ARM.Collect$$libshutdown$$0000000F      0x0000017a   Section        2  libshutdown2.o(.ARM.Collect$$libshutdown$$0000000F)
    .ARM.Collect$$rtentry$$00000000          0x0000017c   Section        0  rtentry.o(.ARM.Collect$$rtentry$$00000000)
    .ARM.Collect$$rtentry$$00000002          0x0000017c   Section        0  rtentry2.o(.ARM.Collect$$rtentry$$00000002)
    .ARM.Collect$$rtentry$$00000004          0x0000017c   Section        6  rtentry4.o(.ARM.Collect$$rtentry$$00000004)
    .ARM.Collect$$rtentry$$00000009          0x00000182   Section        0  rtentry2.o(.ARM.Collect$$rtentry$$00000009)
    .ARM.Collect$$rtentry$$0000000A          0x00000182   Section        4  rtentry2.o(.ARM.Collect$$rtentry$$0000000A)
    .ARM.Collect$$rtentry$$0000000C          0x00000186   Section        0  rtentry2.o(.ARM.Collect$$rtentry$$0000000C)
    .ARM.Collect$$rtentry$$0000000D          0x00000186   Section        8  rtentry2.o(.ARM.Collect$$rtentry$$0000000D)
    .ARM.Collect$$rtexit$$00000000           0x0000018e   Section        2  rtexit.o(.ARM.Collect$$rtexit$$00000000)
    .ARM.Collect$$rtexit$$00000002           0x00000190   Section        0  rtexit2.o(.ARM.Collect$$rtexit$$00000002)
    .ARM.Collect$$rtexit$$00000003           0x00000190   Section        4  rtexit2.o(.ARM.Collect$$rtexit$$00000003)
    .ARM.Collect$$rtexit$$00000004           0x00000194   Section        6  rtexit2.o(.ARM.Collect$$rtexit$$00000004)
    .emb_text                                0x0000019c   Section       86  retarget.o(.emb_text)
    .emb_text                                0x000001f4   Section       56  rt_memcpy.o(.emb_text)
    .text                                    0x0000022c   Section      116  startup_m051series.o(.text)
    Default_Handler                          0x0000025d   Thumb Code     2  startup_m051series.o(.text)
    .text                                    0x000002a0   Section        0  system_m051series.o(.text)
    CLK_GetPLLClockFreq                      0x000002ef   Thumb Code   106  system_m051series.o(.text)
    .text                                    0x0000037c   Section        0  delay.o(.text)
    .text                                    0x000003b0   Section        0  lcd_driver.o(.text)
    .text                                    0x00000830   Section        0  main.o(.text)
    SYS_UnlockReg                            0x00000831   Thumb Code    26  main.o(.text)
    FMC_Write                                0x0000084b   Thumb Code    32  main.o(.text)
    FMC_Read                                 0x0000086b   Thumb Code    36  main.o(.text)
    FMC_Erase                                0x0000088f   Thumb Code    60  main.o(.text)
    NVIC_EnableIRQ                           0x000063c7   Thumb Code    14  main.o(.text)
    SYS_LockReg                              0x000063d5   Thumb Code     8  main.o(.text)
    .text                                    0x00006438   Section        0  gui.o(.text)
    .text                                    0x00006528   Section        0  demo.o(.text)
    .text                                    0x0000a898   Section        0  ds18b20.o(.text)
    .text                                    0x0000a9dc   Section        0  ds1390.o(.text)
    .text                                    0x0000af94   Section        0  relay.o(.text)
    .text                                    0x0000b014   Section        0  clk.o(.text)
    CLK_GetPLLClockFreq                      0x0000b477   Thumb Code   106  clk.o(.text)
    .text                                    0x0000b4f4   Section        0  gpio.o(.text)
    .text                                    0x0000b554   Section        0  retarget.o(.text)
    stackDump                                0x0000b555   Thumb Code    70  retarget.o(.text)
    __tagsym$$used                           0x0000b59b   Number         0  retarget.o(.text)
    .text                                    0x0000b75c   Section        0  sys.o(.text)
    .text                                    0x0000b834   Section        0  uart.o(.text)
    CLK_GetPLLClockFreq                      0x0000b835   Thumb Code   106  uart.o(.text)
    NVIC_EnableIRQ                           0x0000bbeb   Thumb Code    14  uart.o(.text)
    NVIC_DisableIRQ                          0x0000bbf9   Thumb Code    16  uart.o(.text)
    .text                                    0x0000bc34   Section        0  spi.o(.text)
    CLK_GetPLLClockFreq                      0x0000bc35   Thumb Code   106  spi.o(.text)
    .text                                    0x0000c36c   Section        0  timer.o(.text)
    .text                                    0x0000c5b4   Section        0  fmc.o(.text)
    FMC_Read                                 0x0000c5b5   Thumb Code    36  fmc.o(.text)
    .text                                    0x0000c708   Section        0  noretval__2printf.o(.text)
    .text                                    0x0000c724   Section        0  _printf_pad.o(.text)
    .text                                    0x0000c774   Section        0  _printf_dec.o(.text)
    .text                                    0x0000c7e0   Section        0  _printf_hex_int.o(.text)
    .text                                    0x0000c838   Section        0  __printf_flags_wp.o(.text)
    .text                                    0x0000c970   Section      346  aeabi_sdiv.o(.text)
    .text                                    0x0000caca   Section        0  heapauxi.o(.text)
    .text                                    0x0000cad0   Section        0  d2f.o(.text)
    .text                                    0x0000cb4c   Section        0  daddsub.o(.text)
    _dadd1                                   0x0000cb4d   Thumb Code   286  daddsub.o(.text)
    _dsub1                                   0x0000cc6b   Thumb Code   468  daddsub.o(.text)
    .text                                    0x0000ce98   Section        0  dflti.o(.text)
    .text                                    0x0000cef0   Section        0  dmul.o(.text)
    .text                                    0x0000d148   Section        0  f2d.o(.text)
    .text                                    0x0000d1a0   Section        0  ffixi.o(.text)
    .text                                    0x0000d1ec   Section        0  fflti.o(.text)
    .text                                    0x0000d24a   Section        0  _printf_intcommon.o(.text)
    .text                                    0x0000d2fc   Section        0  _printf_fp_dec.o(.text)
    _fp_digits                               0x0000d2ff   Thumb Code   412  _printf_fp_dec.o(.text)
    .text                                    0x0000d710   Section        0  _printf_char_file.o(.text)
    .text                                    0x0000d738   Section        0  rtudiv10.o(.text)
    .text                                    0x0000d760   Section        0  dcmpin.o(.text)
    .text                                    0x0000d7f0   Section        0  fcmpin.o(.text)
    .text                                    0x0000d854   Section        8  rt_locale_intlibspace.o(.text)
    .text                                    0x0000d85c   Section        0  lludiv10.o(.text)
    .text                                    0x0000d8d8   Section        0  _printf_char_common.o(.text)
    _printf_input_char                       0x0000d8d9   Thumb Code    10  _printf_char_common.o(.text)
    .text                                    0x0000d908   Section        0  _printf_fp_infnan.o(.text)
    .text                                    0x0000d990   Section        0  bigflt0.o(.text)
    .text                                    0x0000da5c   Section        0  btod.o(.text)
    btod_internal_mul                        0x0000da9d   Thumb Code   456  btod.o(.text)
    btod_internal_div                        0x0000dc65   Thumb Code   494  btod.o(.text)
    .text                                    0x0000df04   Section        0  cmpret.o(.text)
    .text                                    0x0000df34   Section        0  dnan2.o(.text)
    .text                                    0x0000df48   Section        0  fnan2.o(.text)
    .text                                    0x0000df58   Section        8  libspace.o(.text)
    .text                                    0x0000df60   Section       62  sys_stackheap_outer.o(.text)
    .text                                    0x0000df9e   Section        0  exit.o(.text)
    .text                                    0x0000dfac   Section        0  strcmp.o(.text)
    .text                                    0x0000e034   Section        0  retnan.o(.text)
    i.__ARM_common_ll_muluu                  0x0000e092   Section        0  btod.o(i.__ARM_common_ll_muluu)
    i.__ARM_fpclassify                       0x0000e0c4   Section        0  fpclassify.o(i.__ARM_fpclassify)
    i._is_digit                              0x0000e0f0   Section        0  __printf_wp.o(i._is_digit)
    locale$$code                             0x0000e100   Section       44  lc_numeric_c.o(locale$$code)
    x$fpl$dleqf                              0x0000e12c   Section      100  dlef.o(x$fpl$dleqf)
    x$fpl$fadd                               0x0000e190   Section      140  faddsub.o(x$fpl$fadd)
    _fadd1                                   0x0000e19d   Thumb Code     0  faddsub.o(x$fpl$fadd)
    x$fpl$fleqf                              0x0000e21c   Section       84  flef.o(x$fpl$fleqf)
    x$fpl$fmul                               0x0000e270   Section      176  fmul.o(x$fpl$fmul)
    x$fpl$frleqf                             0x0000e320   Section       88  frlef.o(x$fpl$frleqf)
    x$fpl$frsb                               0x0000e378   Section       24  faddsub.o(x$fpl$frsb)
    x$fpl$fsub                               0x0000e390   Section      208  faddsub.o(x$fpl$fsub)
    _fsub1                                   0x0000e39d   Thumb Code     0  faddsub.o(x$fpl$fsub)
    x$fpl$printf1                            0x0000e460   Section       16  printf1.o(x$fpl$printf1)
    .constdata                               0x0000e470   Section       32  system_m051series.o(.constdata)
    x$fpl$usenofp                            0x0000e470   Section        0  usenofp.o(x$fpl$usenofp)
    .constdata                               0x0000e490   Section     3584  gui.o(.constdata)
    .constdata                               0x0000f290   Section       48  uart.o(.constdata)
    .constdata                               0x0000f2c0   Section       32  timer.o(.constdata)
    .constdata                               0x0000f2e0   Section       40  _printf_hex_int.o(.constdata)
    uc_hextab                                0x0000f2e0   Data          20  _printf_hex_int.o(.constdata)
    lc_hextab                                0x0000f2f4   Data          20  _printf_hex_int.o(.constdata)
    .constdata                               0x0000f308   Section       17  __printf_flags_wp.o(.constdata)
    maptable                                 0x0000f308   Data          17  __printf_flags_wp.o(.constdata)
    .constdata                               0x0000f31c   Section      148  bigflt0.o(.constdata)
    tenpwrs_x                                0x0000f31c   Data          60  bigflt0.o(.constdata)
    tenpwrs_i                                0x0000f358   Data          64  bigflt0.o(.constdata)
    locale$$data                             0x0000f3d0   Section       28  lc_numeric_c.o(locale$$data)
    __lcnum_c_name                           0x0000f3d4   Data           2  lc_numeric_c.o(locale$$data)
    __lcnum_c_start                          0x0000f3dc   Data           0  lc_numeric_c.o(locale$$data)
    __lcnum_c_point                          0x0000f3e8   Data           0  lc_numeric_c.o(locale$$data)
    __lcnum_c_thousands                      0x0000f3ea   Data           0  lc_numeric_c.o(locale$$data)
    __lcnum_c_grouping                       0x0000f3eb   Data           0  lc_numeric_c.o(locale$$data)
    __lcnum_c_end                            0x0000f3ec   Data           0  lc_numeric_c.o(locale$$data)
    .data                                    0x20000000   Section       12  system_m051series.o(.data)
    .data                                    0x2000000c   Section       84  main.o(.data)
    .data                                    0x20000060   Section       12  retarget.o(.data)
    g_buf_len                                0x20000060   Data           1  retarget.o(.data)
    .bss                                     0x2000006c   Section       24  main.o(.bss)
    .bss                                     0x20000084   Section       16  retarget.o(.bss)
    g_buf                                    0x20000084   Data          16  retarget.o(.bss)
    .bss                                     0x20000094   Section       96  libspace.o(.bss)
    HEAP                                     0x200000f8   Section        0  startup_m051series.o(HEAP)
    STACK                                    0x200000f8   Section     1024  startup_m051series.o(STACK)
    Heap_Mem                                 0x200000f8   Data           0  startup_m051series.o(HEAP)
    Stack_Mem                                0x200000f8   Data        1024  startup_m051series.o(STACK)
    __initial_sp                             0x200004f8   Data           0  startup_m051series.o(STACK)

    Global Symbols

    Symbol Name                              Value     Ov Type        Size  Object(Section)

    BuildAttributes$$THM_ISAv3M$S$PE$A:L22$X:L11$S22$IEEE1$IW$USESV6$~STKCKD$USESV7$~SHL$OTIME$ROPI$IEEEJ$EBA8$UX$STANDARDLIB$REQ8$PRES8$EABIv2 0x00000000   Number         0  anon$$obj.o ABSOLUTE
    __ARM_use_no_argv                        0x00000000   Number         0  main.o ABSOLUTE
    __Vectors                                0x00000000   Data           4  startup_m051series.o(RESET)
    _printf_flags                            0x00000000   Number         0  printf_stubs.o ABSOLUTE
    _printf_return_value                     0x00000000   Number         0  printf_stubs.o ABSOLUTE
    _printf_sizespec                         0x00000000   Number         0  printf_stubs.o ABSOLUTE
    _printf_widthprec                        0x00000000   Number         0  printf_stubs.o ABSOLUTE
    __ARM_exceptions_init                     - Undefined Weak Reference
    __alloca_initialize                       - Undefined Weak Reference
    __cpp_initialize__aeabi_                  - Undefined Weak Reference
    __cxa_finalize                            - Undefined Weak Reference
    __sigvec_lookup                           - Undefined Weak Reference
    _atexit_init                              - Undefined Weak Reference
    _call_atexit_fns                          - Undefined Weak Reference
    _clock_init                               - Undefined Weak Reference
    _fp_trap_init                             - Undefined Weak Reference
    _fp_trap_shutdown                         - Undefined Weak Reference
    _get_lc_collate                           - Undefined Weak Reference
    _get_lc_ctype                             - Undefined Weak Reference
    _get_lc_monetary                          - Undefined Weak Reference
    _get_lc_time                              - Undefined Weak Reference
    _getenv_init                              - Undefined Weak Reference
    _handle_redirection                       - Undefined Weak Reference
    _init_alloc                               - Undefined Weak Reference
    _init_user_alloc                          - Undefined Weak Reference
    _initio                                   - Undefined Weak Reference
    _printf_truncate_signed                   - Undefined Weak Reference
    _printf_truncate_unsigned                 - Undefined Weak Reference
    _rand_init                                - Undefined Weak Reference
    _signal_finish                            - Undefined Weak Reference
    _signal_init                              - Undefined Weak Reference
    _terminate_alloc                          - Undefined Weak Reference
    _terminate_user_alloc                     - Undefined Weak Reference
    _terminateio                              - Undefined Weak Reference
    __main                                   0x000000c1   Thumb Code     8  __main.o(!!!main)
    __scatterload                            0x000000c9   Thumb Code     0  __scatter.o(!!!scatter)
    __scatterload_rt2                        0x000000c9   Thumb Code    52  __scatter.o(!!!scatter)
    __scatterload_rt2_thumb_only             0x000000c9   Thumb Code     0  __scatter.o(!!!scatter)
    __scatterload_null                       0x000000d9   Thumb Code     0  __scatter.o(!!!scatter)
    __scatterload_copy                       0x00000105   Thumb Code    26  __scatter_copy.o(!!handler_copy)
    __scatterload_zeroinit                   0x00000121   Thumb Code    28  __scatter_zi.o(!!handler_zi)
    _printf_percent                          0x0000013d   Thumb Code     0  _printf_percent.o(.ARM.Collect$$_printf_percent$$00000000)
    _printf_f                                0x0000013f   Thumb Code     0  _printf_f.o(.ARM.Collect$$_printf_percent$$00000003)
    _printf_d                                0x00000149   Thumb Code     0  _printf_d.o(.ARM.Collect$$_printf_percent$$00000009)
    _printf_x                                0x00000153   Thumb Code     0  _printf_x.o(.ARM.Collect$$_printf_percent$$0000000C)
    _printf_percent_end                      0x0000015d   Thumb Code     0  _printf_percent_end.o(.ARM.Collect$$_printf_percent$$00000017)
    __rt_lib_init                            0x00000161   Thumb Code     0  libinit.o(.ARM.Collect$$libinit$$00000000)
    __rt_lib_init_fp_1                       0x00000163   Thumb Code     0  libinit2.o(.ARM.Collect$$libinit$$00000001)
    __rt_lib_init_heap_1                     0x00000167   Thumb Code     0  libinit2.o(.ARM.Collect$$libinit$$00000008)
    __rt_lib_init_lc_common                  0x00000167   Thumb Code     0  libinit2.o(.ARM.Collect$$libinit$$0000000D)
    __rt_lib_init_rand_1                     0x00000167   Thumb Code     0  libinit2.o(.ARM.Collect$$libinit$$0000000C)
    __rt_lib_init_user_alloc_1               0x00000167   Thumb Code     0  libinit2.o(.ARM.Collect$$libinit$$0000000A)
    __rt_lib_init_lc_collate_1               0x0000016d   Thumb Code     0  libinit2.o(.ARM.Collect$$libinit$$0000000F)
    __rt_lib_init_lc_ctype_1                 0x0000016d   Thumb Code     0  libinit2.o(.ARM.Collect$$libinit$$00000011)
    __rt_lib_init_lc_monetary_1              0x0000016d   Thumb Code     0  libinit2.o(.ARM.Collect$$libinit$$00000013)
    __rt_lib_init_lc_numeric_2               0x0000016d   Thumb Code     0  libinit2.o(.ARM.Collect$$libinit$$00000014)
    __rt_lib_init_alloca_1                   0x00000177   Thumb Code     0  libinit2.o(.ARM.Collect$$libinit$$0000002C)
    __rt_lib_init_argv_1                     0x00000177   Thumb Code     0  libinit2.o(.ARM.Collect$$libinit$$0000002A)
    __rt_lib_init_atexit_1                   0x00000177   Thumb Code     0  libinit2.o(.ARM.Collect$$libinit$$00000019)
    __rt_lib_init_clock_1                    0x00000177   Thumb Code     0  libinit2.o(.ARM.Collect$$libinit$$0000001F)
    __rt_lib_init_cpp_1                      0x00000177   Thumb Code     0  libinit2.o(.ARM.Collect$$libinit$$00000030)
    __rt_lib_init_exceptions_1               0x00000177   Thumb Code     0  libinit2.o(.ARM.Collect$$libinit$$0000002E)
    __rt_lib_init_fp_trap_1                  0x00000177   Thumb Code     0  libinit2.o(.ARM.Collect$$libinit$$0000001D)
    __rt_lib_init_getenv_1                   0x00000177   Thumb Code     0  libinit2.o(.ARM.Collect$$libinit$$00000021)
    __rt_lib_init_lc_numeric_1               0x00000177   Thumb Code     0  libinit2.o(.ARM.Collect$$libinit$$00000015)
    __rt_lib_init_lc_time_1                  0x00000177   Thumb Code     0  libinit2.o(.ARM.Collect$$libinit$$00000017)
    __rt_lib_init_return                     0x00000177   Thumb Code     0  libinit2.o(.ARM.Collect$$libinit$$00000031)
    __rt_lib_init_signal_1                   0x00000177   Thumb Code     0  libinit2.o(.ARM.Collect$$libinit$$0000001B)
    __rt_lib_init_stdio_1                    0x00000177   Thumb Code     0  libinit2.o(.ARM.Collect$$libinit$$00000023)
    __rt_lib_shutdown                        0x00000179   Thumb Code     0  libshutdown.o(.ARM.Collect$$libshutdown$$00000000)
    __rt_lib_shutdown_fp_trap_1              0x0000017b   Thumb Code     0  libshutdown2.o(.ARM.Collect$$libshutdown$$00000006)
    __rt_lib_shutdown_heap_1                 0x0000017b   Thumb Code     0  libshutdown2.o(.ARM.Collect$$libshutdown$$0000000E)
    __rt_lib_shutdown_return                 0x0000017b   Thumb Code     0  libshutdown2.o(.ARM.Collect$$libshutdown$$0000000F)
    __rt_lib_shutdown_signal_1               0x0000017b   Thumb Code     0  libshutdown2.o(.ARM.Collect$$libshutdown$$00000009)
    __rt_lib_shutdown_stdio_1                0x0000017b   Thumb Code     0  libshutdown2.o(.ARM.Collect$$libshutdown$$00000003)
    __rt_lib_shutdown_user_alloc_1           0x0000017b   Thumb Code     0  libshutdown2.o(.ARM.Collect$$libshutdown$$0000000B)
    __rt_entry                               0x0000017d   Thumb Code     0  rtentry.o(.ARM.Collect$$rtentry$$00000000)
    __rt_entry_presh_1                       0x0000017d   Thumb Code     0  rtentry2.o(.ARM.Collect$$rtentry$$00000002)
    __rt_entry_sh                            0x0000017d   Thumb Code     0  rtentry4.o(.ARM.Collect$$rtentry$$00000004)
    __rt_entry_li                            0x00000183   Thumb Code     0  rtentry2.o(.ARM.Collect$$rtentry$$0000000A)
    __rt_entry_postsh_1                      0x00000183   Thumb Code     0  rtentry2.o(.ARM.Collect$$rtentry$$00000009)
    __rt_entry_main                          0x00000187   Thumb Code     0  rtentry2.o(.ARM.Collect$$rtentry$$0000000D)
    __rt_entry_postli_1                      0x00000187   Thumb Code     0  rtentry2.o(.ARM.Collect$$rtentry$$0000000C)
    __rt_exit                                0x0000018f   Thumb Code     0  rtexit.o(.ARM.Collect$$rtexit$$00000000)
    __rt_exit_ls                             0x00000191   Thumb Code     0  rtexit2.o(.ARM.Collect$$rtexit$$00000003)
    __rt_exit_prels_1                        0x00000191   Thumb Code     0  rtexit2.o(.ARM.Collect$$rtexit$$00000002)
    __rt_exit_exit                           0x00000195   Thumb Code     0  rtexit2.o(.ARM.Collect$$rtexit$$00000004)
    HardFault_Handler                        0x0000019d   Thumb Code    60  retarget.o(.emb_text)
    SH_DoCommand                             0x000001e1   Thumb Code    18  retarget.o(.emb_text)
    __aeabi_memcpy4                          0x000001f5   Thumb Code    56  rt_memcpy.o(.emb_text)
    __aeabi_memcpy8                          0x000001f5   Thumb Code     0  rt_memcpy.o(.emb_text)
    Reset_Handler                            0x0000022d   Thumb Code    38  startup_m051series.o(.text)
    NMI_Handler                              0x00000253   Thumb Code     2  startup_m051series.o(.text)
    SVC_Handler                              0x00000257   Thumb Code     2  startup_m051series.o(.text)
    PendSV_Handler                           0x00000259   Thumb Code     2  startup_m051series.o(.text)
    SysTick_Handler                          0x0000025b   Thumb Code     2  startup_m051series.o(.text)
    ADC_IRQHandler                           0x0000025d   Thumb Code     0  startup_m051series.o(.text)
    BOD_IRQHandler                           0x0000025d   Thumb Code     0  startup_m051series.o(.text)
    GPIOP0P1_IRQHandler                      0x0000025d   Thumb Code     0  startup_m051series.o(.text)
    GPIOP2P3P4_IRQHandler                    0x0000025d   Thumb Code     0  startup_m051series.o(.text)
    I2C_IRQHandler                           0x0000025d   Thumb Code     0  startup_m051series.o(.text)
    PWMA_IRQHandler                          0x0000025d   Thumb Code     0  startup_m051series.o(.text)
    PWMB_IRQHandler                          0x0000025d   Thumb Code     0  startup_m051series.o(.text)
    PWRWU_IRQHandler                         0x0000025d   Thumb Code     0  startup_m051series.o(.text)
    SPI0_IRQHandler                          0x0000025d   Thumb Code     0  startup_m051series.o(.text)
    SPI1_IRQHandler                          0x0000025d   Thumb Code     0  startup_m051series.o(.text)
    SPI2_IRQHandler                          0x0000025d   Thumb Code     0  startup_m051series.o(.text)
    SPI3_IRQHandler                          0x0000025d   Thumb Code     0  startup_m051series.o(.text)
    TMR1_IRQHandler                          0x0000025d   Thumb Code     0  startup_m051series.o(.text)
    TMR2_IRQHandler                          0x0000025d   Thumb Code     0  startup_m051series.o(.text)
    TMR3_IRQHandler                          0x0000025d   Thumb Code     0  startup_m051series.o(.text)
    UART0_IRQHandler                         0x0000025d   Thumb Code     0  startup_m051series.o(.text)
    UART1_IRQHandler                         0x0000025d   Thumb Code     0  startup_m051series.o(.text)
    WDT_IRQHandler                           0x0000025d   Thumb Code     0  startup_m051series.o(.text)
    __user_initial_stackheap                 0x00000261   Thumb Code     0  startup_m051series.o(.text)
    SystemCoreClockUpdate                    0x000002a1   Thumb Code    76  system_m051series.o(.text)
    SystemInit                               0x000002ed   Thumb Code     2  system_m051series.o(.text)
    delay_ms                                 0x0000037d   Thumb Code    26  delay.o(.text)
    delay_us                                 0x00000397   Thumb Code    22  delay.o(.text)
    delay_1us                                0x000003ad   Thumb Code     2  delay.o(.text)
    SPI_WriteData                            0x000003b1   Thumb Code    50  lcd_driver.o(.text)
    Lcd_WriteIndex                           0x000003e3   Thumb Code    30  lcd_driver.o(.text)
    Lcd_WriteData                            0x00000401   Thumb Code    32  lcd_driver.o(.text)
    LCD_WriteData_16Bit                      0x00000421   Thumb Code    40  lcd_driver.o(.text)
    Lcd_Reset                                0x00000449   Thumb Code    32  lcd_driver.o(.text)
    LCD_GPIO_Init                            0x00000469   Thumb Code   136  lcd_driver.o(.text)
    LCD_Init                                 0x000004f1   Thumb Code   560  lcd_driver.o(.text)
    Lcd_SetRegion                            0x00000721   Thumb Code    86  lcd_driver.o(.text)
    PutPixel                                 0x00000777   Thumb Code    28  lcd_driver.o(.text)
    Lcd_SetXY                                0x00000793   Thumb Code    30  lcd_driver.o(.text)
    Gui_DrawPoint                            0x000007b1   Thumb Code    28  lcd_driver.o(.text)
    dsp_single_colour                        0x000007cd   Thumb Code    48  lcd_driver.o(.text)
    Lcd_Clear                                0x000007fd   Thumb Code    50  lcd_driver.o(.text)
    TMR0_IRQHandler                          0x000008cb   Thumb Code  1352  main.o(.text)
    checkself                                0x00000e13   Thumb Code   326  main.o(.text)
    SPI_WriteData2                           0x00000f59   Thumb Code    92  main.o(.text)
    EINT1_IRQHandler                         0x00000fb5   Thumb Code 19770  main.o(.text)
    EINT0_IRQHandler                         0x00005cef   Thumb Code     2  main.o(.text)
    SYS_Init                                 0x00005cf1   Thumb Code   170  main.o(.text)
    UART0_Init                               0x00005d9b   Thumb Code    20  main.o(.text)
    SPI_Init                                 0x00005daf   Thumb Code    32  main.o(.text)
    GPIO_Init                                0x00005dcf   Thumb Code   208  main.o(.text)
    Timer_Init                               0x00005e9f   Thumb Code    74  main.o(.text)
    main                                     0x00005ee9   Thumb Code  1246  main.o(.text)
    Gui_DrawFont_C                           0x00006439   Thumb Code   114  gui.o(.text)
    Gui_DrawFont_S                           0x000064ab   Thumb Code   118  gui.o(.text)
    welcome                                  0x00006529   Thumb Code   314  demo.o(.text)
    time_now                                 0x00006663   Thumb Code   478  demo.o(.text)
    time_now1                                0x00006841   Thumb Code   478  demo.o(.text)
    Font_Test                                0x00006a1f   Thumb Code   578  demo.o(.text)
    hoting                                   0x00006c61   Thumb Code    70  demo.o(.text)
    colding                                  0x00006ca7   Thumb Code    68  demo.o(.text)
    normal                                   0x00006ceb   Thumb Code    86  demo.o(.text)
    unnormal                                 0x00006d41   Thumb Code    76  demo.o(.text)
    stop                                     0x00006d8d   Thumb Code    68  demo.o(.text)
    temp_dq                                  0x00006dd1   Thumb Code   270  demo.o(.text)
    menu                                     0x00006edf   Thumb Code   290  demo.o(.text)
    menu_0                                   0x00007001   Thumb Code   140  demo.o(.text)
    menu_1                                   0x0000708d   Thumb Code   222  demo.o(.text)
    menu_2                                   0x0000716b   Thumb Code   172  demo.o(.text)
    menu_3                                   0x00007217   Thumb Code   104  demo.o(.text)
    menu1                                    0x0000727f   Thumb Code   190  demo.o(.text)
    menu1_0                                  0x0000733d   Thumb Code    72  demo.o(.text)
    menu1_1                                  0x00007385   Thumb Code   104  demo.o(.text)
    menu1_2                                  0x000073ed   Thumb Code    72  demo.o(.text)
    menu2                                    0x00007435   Thumb Code   276  demo.o(.text)
    menu2_0                                  0x00007549   Thumb Code   106  demo.o(.text)
    menu2_1                                  0x000075b3   Thumb Code   154  demo.o(.text)
    menu2_2                                  0x0000764d   Thumb Code   138  demo.o(.text)
    menu2_3                                  0x000076d7   Thumb Code    88  demo.o(.text)
    menu21                                   0x0000772f   Thumb Code   314  demo.o(.text)
    menu21_0                                 0x00007869   Thumb Code   140  demo.o(.text)
    menu21_1                                 0x000078f5   Thumb Code   218  demo.o(.text)
    menu21_2                                 0x000079cf   Thumb Code   180  demo.o(.text)
    menu21_21                                0x00007a83   Thumb Code    76  demo.o(.text)
    menu21_22                                0x00007acf   Thumb Code    68  demo.o(.text)
    menu21_3                                 0x00007b13   Thumb Code   112  demo.o(.text)
    menu211                                  0x00007b83   Thumb Code   398  demo.o(.text)
    menu212                                  0x00007d11   Thumb Code   408  demo.o(.text)
    menu211_0                                0x00007ea9   Thumb Code   328  demo.o(.text)
    menu211_1                                0x00007ff1   Thumb Code   108  demo.o(.text)
    menu211_2                                0x0000805d   Thumb Code   332  demo.o(.text)
    menu211_3                                0x000081a9   Thumb Code   108  demo.o(.text)
    menu211_4                                0x00008215   Thumb Code   328  demo.o(.text)
    menu211_5                                0x0000835d   Thumb Code   108  demo.o(.text)
    menu211_6                                0x000083c9   Thumb Code   328  demo.o(.text)
    menu22                                   0x00008511   Thumb Code   320  demo.o(.text)
    menu23                                   0x00008651   Thumb Code   314  demo.o(.text)
    menu3                                    0x0000878b   Thumb Code   384  demo.o(.text)
    menu3_0                                  0x0000890b   Thumb Code   138  demo.o(.text)
    menu3_1                                  0x00008995   Thumb Code   208  demo.o(.text)
    menu3_2                                  0x00008a65   Thumb Code   202  demo.o(.text)
    menu3_3                                  0x00008b2f   Thumb Code   172  demo.o(.text)
    menu3_4                                  0x00008bdb   Thumb Code   104  demo.o(.text)
    menu31                                   0x00008c43   Thumb Code   738  demo.o(.text)
    menu31_0                                 0x00008f25   Thumb Code   442  demo.o(.text)
    menu31_1                                 0x000090df   Thumb Code   152  demo.o(.text)
    menu31_2                                 0x00009177   Thumb Code   636  demo.o(.text)
    menu31_3                                 0x000093f3   Thumb Code   216  demo.o(.text)
    menu31_4                                 0x000094cb   Thumb Code   216  demo.o(.text)
    menu31_5                                 0x000095a3   Thumb Code   552  demo.o(.text)
    menu31_6                                 0x000097cb   Thumb Code   280  demo.o(.text)
    menu31_7                                 0x000098e3   Thumb Code   280  demo.o(.text)
    menu31_8                                 0x000099fb   Thumb Code   286  demo.o(.text)
    menu31_9                                 0x00009b19   Thumb Code   392  demo.o(.text)
    menu32                                   0x00009ca1   Thumb Code   268  demo.o(.text)
    menu32_0                                 0x00009dad   Thumb Code    88  demo.o(.text)
    menu32_1                                 0x00009e05   Thumb Code   128  demo.o(.text)
    menu32_2                                 0x00009e85   Thumb Code   136  demo.o(.text)
    menu32_3                                 0x00009f0d   Thumb Code   122  demo.o(.text)
    menu32_4                                 0x00009f87   Thumb Code    88  demo.o(.text)
    menu33                                   0x00009fdf   Thumb Code   398  demo.o(.text)
    menu33_0                                 0x0000a16d   Thumb Code   132  demo.o(.text)
    menu33_1                                 0x0000a1f1   Thumb Code   144  demo.o(.text)
    menu34                                   0x0000a281   Thumb Code   410  demo.o(.text)
    menu34_0                                 0x0000a41b   Thumb Code   292  demo.o(.text)
    menu34_1                                 0x0000a53f   Thumb Code   324  demo.o(.text)
    menu34_2                                 0x0000a683   Thumb Code   196  demo.o(.text)
    menu34_01                                0x0000a747   Thumb Code   176  demo.o(.text)
    menu34_11                                0x0000a7f7   Thumb Code   156  demo.o(.text)
    reset_ds18b20                            0x0000a899   Thumb Code    52  ds18b20.o(.text)
    write_bit_ds18b20                        0x0000a8cd   Thumb Code    44  ds18b20.o(.text)
    write_byte_ds18b20                       0x0000a8f9   Thumb Code    32  ds18b20.o(.text)
    read_bit_ds18b20                         0x0000a919   Thumb Code    50  ds18b20.o(.text)
    read_byte_ds18b20                        0x0000a94b   Thumb Code    42  ds18b20.o(.text)
    ds18b20_init                             0x0000a975   Thumb Code    24  ds18b20.o(.text)
    read_temp_ds18b20                        0x0000a98d   Thumb Code    66  ds18b20.o(.text)
    InitDs1390                               0x0000a9dd   Thumb Code    36  ds1390.o(.text)
    readtime                                 0x0000aa01   Thumb Code   300  ds1390.o(.text)
    readtime2                                0x0000ab2d   Thumb Code   196  ds1390.o(.text)
    Settime                                  0x0000abf1   Thumb Code   866  ds1390.o(.text)
    relay_init                               0x0000af95   Thumb Code    92  relay.o(.text)
    relay_demo                               0x0000aff1   Thumb Code    24  relay.o(.text)
    CLK_DisableModuleClock                   0x0000b015   Thumb Code    32  clk.o(.text)
    CLK_DisableCKO                           0x0000b035   Thumb Code    10  clk.o(.text)
    CLK_SetModuleClock                       0x0000b03f   Thumb Code    92  clk.o(.text)
    CLK_EnableModuleClock                    0x0000b09b   Thumb Code    32  clk.o(.text)
    CLK_EnableCKO                            0x0000b0bb   Thumb Code    40  clk.o(.text)
    CLK_PowerDown                            0x0000b0e3   Thumb Code    30  clk.o(.text)
    CLK_Idle                                 0x0000b101   Thumb Code    28  clk.o(.text)
    CLK_GetHXTFreq                           0x0000b11d   Thumb Code    18  clk.o(.text)
    CLK_GetHCLKFreq                          0x0000b12f   Thumb Code    12  clk.o(.text)
    CLK_GetPCLKFreq                          0x0000b13b   Thumb Code    12  clk.o(.text)
    CLK_GetCPUFreq                           0x0000b147   Thumb Code    12  clk.o(.text)
    CLK_WaitClockReady                       0x0000b153   Thumb Code    32  clk.o(.text)
    CLK_SetHCLK                              0x0000b173   Thumb Code    92  clk.o(.text)
    CLK_EnablePLL                            0x0000b1cf   Thumb Code   342  clk.o(.text)
    CLK_SetCoreClock                         0x0000b325   Thumb Code   144  clk.o(.text)
    CLK_SetSysTickClockSrc                   0x0000b3b5   Thumb Code    16  clk.o(.text)
    CLK_EnableXtalRC                         0x0000b3c5   Thumb Code    12  clk.o(.text)
    CLK_DisableXtalRC                        0x0000b3d1   Thumb Code    12  clk.o(.text)
    CLK_DisablePLL                           0x0000b3dd   Thumb Code    16  clk.o(.text)
    CLK_EnableSysTick                        0x0000b3ed   Thumb Code   130  clk.o(.text)
    CLK_DisableSysTick                       0x0000b46f   Thumb Code     8  clk.o(.text)
    GPIO_SetMode                             0x0000b4f5   Thumb Code    44  gpio.o(.text)
    GPIO_EnableInt                           0x0000b521   Thumb Code    26  gpio.o(.text)
    GPIO_DisableInt                          0x0000b53b   Thumb Code    22  gpio.o(.text)
    Hard_Fault_Handler                       0x0000b59b   Thumb Code    18  retarget.o(.text)
    SendChar_ToUART                          0x0000b5ad   Thumb Code    44  retarget.o(.text)
    SendChar                                 0x0000b5d9   Thumb Code   102  retarget.o(.text)
    GetChar                                  0x0000b63f   Thumb Code    46  retarget.o(.text)
    kbhit                                    0x0000b66d   Thumb Code    14  retarget.o(.text)
    IsDebugFifoEmpty                         0x0000b67b   Thumb Code    14  retarget.o(.text)
    _ttywrch                                 0x0000b689   Thumb Code    12  retarget.o(.text)
    fputc                                    0x0000b695   Thumb Code    16  retarget.o(.text)
    fgetc                                    0x0000b6a5   Thumb Code    10  retarget.o(.text)
    ferror                                   0x0000b6af   Thumb Code     8  retarget.o(.text)
    _sys_exit                                0x0000b6b7   Thumb Code    28  retarget.o(.text)
    SYS_ClearResetSrc                        0x0000b75d   Thumb Code    16  sys.o(.text)
    SYS_GetBODStatus                         0x0000b76d   Thumb Code    14  sys.o(.text)
    SYS_GetResetSrc                          0x0000b77b   Thumb Code     8  sys.o(.text)
    SYS_IsRegLocked                          0x0000b783   Thumb Code    14  sys.o(.text)
    SYS_ReadPDID                             0x0000b791   Thumb Code     8  sys.o(.text)
    SYS_ResetChip                            0x0000b799   Thumb Code    18  sys.o(.text)
    SYS_ResetCPU                             0x0000b7ab   Thumb Code    18  sys.o(.text)
    SYS_ResetModule                          0x0000b7bd   Thumb Code    48  sys.o(.text)
    SYS_EnableBOD                            0x0000b7ed   Thumb Code    50  sys.o(.text)
    SYS_DisableBOD                           0x0000b81f   Thumb Code    18  sys.o(.text)
    UART_ClearIntFlag                        0x0000b89f   Thumb Code    58  uart.o(.text)
    UART_Close                               0x0000b8d9   Thumb Code     6  uart.o(.text)
    UART_DisableFlowCtrl                     0x0000b8df   Thumb Code    12  uart.o(.text)
    UART_DisableInt                          0x0000b8eb   Thumb Code    34  uart.o(.text)
    UART_EnableFlowCtrl                      0x0000b90d   Thumb Code    30  uart.o(.text)
    UART_EnableInt                           0x0000b92b   Thumb Code    34  uart.o(.text)
    UART_Open                                0x0000b94d   Thumb Code   166  uart.o(.text)
    UART_Read                                0x0000b9f3   Thumb Code    52  uart.o(.text)
    UART_SetLine_Config                      0x0000ba27   Thumb Code   172  uart.o(.text)
    UART_SetTimeoutCnt                       0x0000bad3   Thumb Code    22  uart.o(.text)
    UART_SelectIrDAMode                      0x0000bae9   Thumb Code   154  uart.o(.text)
    UART_SelectRS485Mode                     0x0000bb83   Thumb Code    26  uart.o(.text)
    UART_SelectLINMode                       0x0000bb9d   Thumb Code    26  uart.o(.text)
    UART_Write                               0x0000bbb7   Thumb Code    52  uart.o(.text)
    SPI_Open                                 0x0000bc9f   Thumb Code   490  spi.o(.text)
    SPI_Close                                0x0000be89   Thumb Code    74  spi.o(.text)
    SPI_ClearRxFIFO                          0x0000bed3   Thumb Code    10  spi.o(.text)
    SPI_ClearTxFIFO                          0x0000bedd   Thumb Code    10  spi.o(.text)
    SPI_DisableAutoSS                        0x0000bee7   Thumb Code    10  spi.o(.text)
    SPI_EnableAutoSS                         0x0000bef1   Thumb Code    22  spi.o(.text)
    SPI_SetBusClock                          0x0000bf07   Thumb Code   406  spi.o(.text)
    SPI_EnableFIFO                           0x0000c09d   Thumb Code    32  spi.o(.text)
    SPI_DisableFIFO                          0x0000c0bd   Thumb Code    12  spi.o(.text)
    SPI_GetBusClock                          0x0000c0c9   Thumb Code   180  spi.o(.text)
    SPI_EnableInt                            0x0000c17d   Thumb Code   102  spi.o(.text)
    SPI_DisableInt                           0x0000c1e3   Thumb Code   102  spi.o(.text)
    SPI_GetIntFlag                           0x0000c249   Thumb Code   122  spi.o(.text)
    SPI_ClearIntFlag                         0x0000c2c3   Thumb Code    54  spi.o(.text)
    SPI_GetStatus                            0x0000c2f9   Thumb Code   106  spi.o(.text)
    TIMER_GetModuleClock                     0x0000c36d   Thumb Code   110  timer.o(.text)
    TIMER_Open                               0x0000c3db   Thumb Code   118  timer.o(.text)
    TIMER_Close                              0x0000c451   Thumb Code     8  timer.o(.text)
    TIMER_Delay                              0x0000c459   Thumb Code   244  timer.o(.text)
    TIMER_EnableCapture                      0x0000c54d   Thumb Code    20  timer.o(.text)
    TIMER_DisableCapture                     0x0000c561   Thumb Code    10  timer.o(.text)
    TIMER_EnableEventCounter                 0x0000c56b   Thumb Code    22  timer.o(.text)
    TIMER_DisableEventCounter                0x0000c581   Thumb Code    12  timer.o(.text)
    FMC_SetBootSource                        0x0000c5d9   Thumb Code    32  fmc.o(.text)
    FMC_Close                                0x0000c5f9   Thumb Code    14  fmc.o(.text)
    FMC_DisableAPUpdate                      0x0000c607   Thumb Code    14  fmc.o(.text)
    FMC_DisableConfigUpdate                  0x0000c615   Thumb Code    14  fmc.o(.text)
    FMC_DisableLDUpdate                      0x0000c623   Thumb Code    14  fmc.o(.text)
    FMC_EnableAPUpdate                       0x0000c631   Thumb Code    14  fmc.o(.text)
    FMC_EnableConfigUpdate                   0x0000c63f   Thumb Code    14  fmc.o(.text)
    FMC_EnableLDUpdate                       0x0000c64d   Thumb Code    14  fmc.o(.text)
    FMC_GetBootSource                        0x0000c65b   Thumb Code    18  fmc.o(.text)
    FMC_Open                                 0x0000c66d   Thumb Code    14  fmc.o(.text)
    FMC_ReadDataFlashBaseAddr                0x0000c67b   Thumb Code     6  fmc.o(.text)
    FMC_ReadConfig                           0x0000c681   Thumb Code    36  fmc.o(.text)
    FMC_WriteConfig                          0x0000c6a5   Thumb Code    96  fmc.o(.text)
    __2printf                                0x0000c709   Thumb Code    22  noretval__2printf.o(.text)
    _printf_pre_padding                      0x0000c725   Thumb Code    44  _printf_pad.o(.text)
    _printf_post_padding                     0x0000c751   Thumb Code    34  _printf_pad.o(.text)
    _printf_int_dec                          0x0000c775   Thumb Code    90  _printf_dec.o(.text)
    _printf_int_hex                          0x0000c7e1   Thumb Code    84  _printf_hex_int.o(.text)
    _printf_longlong_hex                     0x0000c7e1   Thumb Code     0  _printf_hex_int.o(.text)
    __printf                                 0x0000c839   Thumb Code   306  __printf_flags_wp.o(.text)
    __aeabi_uidiv                            0x0000c971   Thumb Code     0  aeabi_sdiv.o(.text)
    __aeabi_uidivmod                         0x0000c971   Thumb Code    20  aeabi_sdiv.o(.text)
    __aeabi_idiv                             0x0000c985   Thumb Code     0  aeabi_sdiv.o(.text)
    __aeabi_idivmod                          0x0000c985   Thumb Code   326  aeabi_sdiv.o(.text)
    __use_two_region_memory                  0x0000cacb   Thumb Code     2  heapauxi.o(.text)
    __rt_heap_escrow$2region                 0x0000cacd   Thumb Code     2  heapauxi.o(.text)
    __rt_heap_expand$2region                 0x0000cacf   Thumb Code     2  heapauxi.o(.text)
    __aeabi_d2f                              0x0000cad1   Thumb Code     0  d2f.o(.text)
    _d2f                                     0x0000cad1   Thumb Code   120  d2f.o(.text)
    __aeabi_dadd                             0x0000ce3f   Thumb Code     0  daddsub.o(.text)
    _dadd                                    0x0000ce3f   Thumb Code    22  daddsub.o(.text)
    __aeabi_dsub                             0x0000ce55   Thumb Code     0  daddsub.o(.text)
    _dsub                                    0x0000ce55   Thumb Code    22  daddsub.o(.text)
    __aeabi_drsub                            0x0000ce6b   Thumb Code     0  daddsub.o(.text)
    _drsb                                    0x0000ce6b   Thumb Code    24  daddsub.o(.text)
    __aeabi_i2d_normalise                    0x0000ce99   Thumb Code    66  dflti.o(.text)
    __aeabi_i2d                              0x0000cedb   Thumb Code    16  dflti.o(.text)
    _dflt                                    0x0000cedb   Thumb Code     0  dflti.o(.text)
    __aeabi_ui2d                             0x0000ceeb   Thumb Code     6  dflti.o(.text)
    _dfltu                                   0x0000ceeb   Thumb Code     0  dflti.o(.text)
    __aeabi_dmul                             0x0000cef1   Thumb Code     0  dmul.o(.text)
    _dmul                                    0x0000cef1   Thumb Code   578  dmul.o(.text)
    __aeabi_f2d                              0x0000d149   Thumb Code     0  f2d.o(.text)
    _f2d                                     0x0000d149   Thumb Code    82  f2d.o(.text)
    __aeabi_f2iz                             0x0000d1a1   Thumb Code     0  ffixi.o(.text)
    _ffix                                    0x0000d1a1   Thumb Code    76  ffixi.o(.text)
    __aeabi_i2f_normalise                    0x0000d1ed   Thumb Code    72  fflti.o(.text)
    __aeabi_i2f                              0x0000d235   Thumb Code    16  fflti.o(.text)
    _fflt                                    0x0000d235   Thumb Code     0  fflti.o(.text)
    __aeabi_ui2f                             0x0000d245   Thumb Code     6  fflti.o(.text)
    _ffltu                                   0x0000d245   Thumb Code     0  fflti.o(.text)
    _printf_int_common                       0x0000d24b   Thumb Code   176  _printf_intcommon.o(.text)
    __lib_sel_fp_printf                      0x0000d2fd   Thumb Code     2  _printf_fp_dec.o(.text)
    _printf_fp_dec_real                      0x0000d49b   Thumb Code   618  _printf_fp_dec.o(.text)
    _printf_char_file                        0x0000d711   Thumb Code    34  _printf_char_file.o(.text)
    __rt_udiv10                              0x0000d739   Thumb Code    40  rtudiv10.o(.text)
    __fpl_dcmp_InfNaN                        0x0000d761   Thumb Code   140  dcmpin.o(.text)
    __fpl_fcmp_InfNaN                        0x0000d7f1   Thumb Code    96  fcmpin.o(.text)
    __rt_locale                              0x0000d855   Thumb Code     8  rt_locale_intlibspace.o(.text)
    _ll_udiv10                               0x0000d85d   Thumb Code   122  lludiv10.o(.text)
    _printf_char_common                      0x0000d8e3   Thumb Code    32  _printf_char_common.o(.text)
    _printf_fp_infnan                        0x0000d909   Thumb Code   120  _printf_fp_infnan.o(.text)
    _btod_etento                             0x0000d991   Thumb Code   200  bigflt0.o(.text)
    _btod_d2e                                0x0000da5d   Thumb Code    64  btod.o(.text)
    _btod_emul                               0x0000de53   Thumb Code    24  btod.o(.text)
    _btod_emuld                              0x0000de6b   Thumb Code    60  btod.o(.text)
    _btod_ediv                               0x0000dea7   Thumb Code    22  btod.o(.text)
    _btod_edivd                              0x0000debd   Thumb Code    60  btod.o(.text)
    __fpl_cmpreturn                          0x0000df05   Thumb Code    42  cmpret.o(.text)
    __fpl_dcheck_NaN2                        0x0000df35   Thumb Code    14  dnan2.o(.text)
    __fpl_fcheck_NaN2                        0x0000df49   Thumb Code    10  fnan2.o(.text)
    __user_libspace                          0x0000df59   Thumb Code     8  libspace.o(.text)
    __user_perproc_libspace                  0x0000df59   Thumb Code     0  libspace.o(.text)
    __user_perthread_libspace                0x0000df59   Thumb Code     0  libspace.o(.text)
    __user_setup_stackheap                   0x0000df61   Thumb Code    62  sys_stackheap_outer.o(.text)
    exit                                     0x0000df9f   Thumb Code    12  exit.o(.text)
    strcmp                                   0x0000dfad   Thumb Code   132  strcmp.o(.text)
    __fpl_return_NaN                         0x0000e035   Thumb Code    94  retnan.o(.text)
    __ARM_common_ll_muluu                    0x0000e093   Thumb Code    48  btod.o(i.__ARM_common_ll_muluu)
    __ARM_fpclassify                         0x0000e0c5   Thumb Code    38  fpclassify.o(i.__ARM_fpclassify)
    _is_digit                                0x0000e0f1   Thumb Code    14  __printf_wp.o(i._is_digit)
    _get_lc_numeric                          0x0000e101   Thumb Code    44  lc_numeric_c.o(locale$$code)
    __aeabi_cdcmple                          0x0000e12d   Thumb Code     0  dlef.o(x$fpl$dleqf)
    _dcmple                                  0x0000e12d   Thumb Code    94  dlef.o(x$fpl$dleqf)
    __aeabi_fadd                             0x0000e191   Thumb Code     0  faddsub.o(x$fpl$fadd)
    _fadd                                    0x0000e191   Thumb Code   134  faddsub.o(x$fpl$fadd)
    __aeabi_cfcmple                          0x0000e21d   Thumb Code     0  flef.o(x$fpl$fleqf)
    _fcmple                                  0x0000e21d   Thumb Code    78  flef.o(x$fpl$fleqf)
    __aeabi_fmul                             0x0000e271   Thumb Code     0  fmul.o(x$fpl$fmul)
    _fmul                                    0x0000e271   Thumb Code   172  fmul.o(x$fpl$fmul)
    __aeabi_cfrcmple                         0x0000e321   Thumb Code     0  frlef.o(x$fpl$frleqf)
    _frcmple                                 0x0000e321   Thumb Code    84  frlef.o(x$fpl$frleqf)
    __aeabi_frsub                            0x0000e379   Thumb Code     0  faddsub.o(x$fpl$frsb)
    _frsb                                    0x0000e379   Thumb Code    24  faddsub.o(x$fpl$frsb)
    __aeabi_fsub                             0x0000e391   Thumb Code     0  faddsub.o(x$fpl$fsub)
    _fsub                                    0x0000e391   Thumb Code   204  faddsub.o(x$fpl$fsub)
    _printf_fp_dec                           0x0000e461   Thumb Code    16  printf1.o(x$fpl$printf1)
    __I$use$fp                               0x0000e470   Number         0  usenofp.o(x$fpl$usenofp)
    gau32ClkSrcTbl                           0x0000e470   Data          32  system_m051series.o(.constdata)
    hz10                                     0x0000e490   Data        3296  gui.o(.constdata)
    hz12                                     0x0000f170   Data         288  gui.o(.constdata)
    Region$$Table$$Base                      0x0000f3b0   Number         0  anon$$obj.o(Region$$Table)
    Region$$Table$$Limit                     0x0000f3d0   Number         0  anon$$obj.o(Region$$Table)
    SystemCoreClock                          0x20000000   Data           4  system_m051series.o(.data)
    CyclesPerUs                              0x20000004   Data           4  system_m051series.o(.data)
    PllClock                                 0x20000008   Data           4  system_m051series.o(.data)
    tempset                                  0x2000000c   Data           4  main.o(.data)
    tempdiff                                 0x20000010   Data           4  main.o(.data)
    tempErr                                  0x20000014   Data           4  main.o(.data)
    s                                        0x20000018   Data           5  main.o(.data)
    mode                                     0x2000001d   Data           1  main.o(.data)
    count                                    0x20000020   Data           4  main.o(.data)
    lampstate                                0x20000024   Data           1  main.o(.data)
    hotstate                                 0x20000025   Data           1  main.o(.data)
    symbol                                   0x20000026   Data           1  main.o(.data)
    msec                                     0x20000027   Data           1  main.o(.data)
    sec                                      0x20000028   Data           1  main.o(.data)
    min                                      0x20000029   Data           1  main.o(.data)
    hour                                     0x2000002a   Data           1  main.o(.data)
    day                                      0x2000002b   Data           1  main.o(.data)
    date                                     0x2000002c   Data           1  main.o(.data)
    month                                    0x2000002d   Data           1  main.o(.data)
    year                                     0x2000002e   Data           1  main.o(.data)
    valid                                    0x2000002f   Data           3  main.o(.data)
    second                                   0x20000032   Data           6  main.o(.data)
    minite                                   0x20000038   Data           6  main.o(.data)
    hr                                       0x2000003e   Data           6  main.o(.data)
    s8_state                                 0x20000044   Data           1  main.o(.data)
    un_state                                 0x20000045   Data           1  main.o(.data)
    state_count                              0x20000046   Data           1  main.o(.data)
    temp                                     0x20000048   Data           4  main.o(.data)
    tempset1                                 0x2000004c   Data           4  main.o(.data)
    tempdiff1                                0x20000050   Data           4  main.o(.data)
    tempErr1                                 0x20000054   Data           4  main.o(.data)
    u32Data                                  0x20000058   Data           4  main.o(.data)
    u32Addr                                  0x2000005c   Data           4  main.o(.data)
    __stdout                                 0x20000064   Data           4  retarget.o(.data)
    __stdin                                  0x20000068   Data           4  retarget.o(.data)
    u32                                      0x2000006c   Data          24  main.o(.bss)
    __libspace_start                         0x20000094   Data          96  libspace.o(.bss)
    __temporary_stack_top$libspace           0x200000f4   Data           0  libspace.o(.bss)



==============================================================================

Memory Map of the image

  Image Entry point : 0x0000022d

  Load Region LR_1 (Base: 0x00000000, Size: 0x0000f458, Max: 0xffffffff, ABSOLUTE)

    Execution Region ER_RO (Base: 0x00000000, Size: 0x0000f3ec, Max: 0xffffffff, ABSOLUTE)

    Base Addr    Size         Type   Attr      Idx    E Section Name        Object

    0x00000000   0x000000c0   Data   RO            3    RESET               startup_m051series.o
    0x000000c0   0x00000008   Code   RO          763  * !!!main             c_p.l(__main.o)
    0x000000c8   0x0000003c   Code   RO         1006    !!!scatter          c_p.l(__scatter.o)
    0x00000104   0x0000001a   Code   RO         1008    !!handler_copy      c_p.l(__scatter_copy.o)
    0x0000011e   0x00000002   PAD
    0x00000120   0x0000001c   Code   RO         1010    !!handler_zi        c_p.l(__scatter_zi.o)
    0x0000013c   0x00000002   Code   RO          752    .ARM.Collect$$_printf_percent$$00000000  c_p.l(_printf_percent.o)
    0x0000013e   0x0000000a   Code   RO          751    .ARM.Collect$$_printf_percent$$00000003  c_p.l(_printf_f.o)
    0x00000148   0x0000000a   Code   RO          750    .ARM.Collect$$_printf_percent$$00000009  c_p.l(_printf_d.o)
    0x00000152   0x0000000a   Code   RO          749    .ARM.Collect$$_printf_percent$$0000000C  c_p.l(_printf_x.o)
    0x0000015c   0x00000004   Code   RO          806    .ARM.Collect$$_printf_percent$$00000017  c_p.l(_printf_percent_end.o)
    0x00000160   0x00000002   Code   RO          883    .ARM.Collect$$libinit$$00000000  c_p.l(libinit.o)
    0x00000162   0x00000004   Code   RO          884    .ARM.Collect$$libinit$$00000001  c_p.l(libinit2.o)
    0x00000166   0x00000000   Code   RO          888    .ARM.Collect$$libinit$$00000008  c_p.l(libinit2.o)
    0x00000166   0x00000000   Code   RO          890    .ARM.Collect$$libinit$$0000000A  c_p.l(libinit2.o)
    0x00000166   0x00000000   Code   RO          892    .ARM.Collect$$libinit$$0000000C  c_p.l(libinit2.o)
    0x00000166   0x00000006   Code   RO          893    .ARM.Collect$$libinit$$0000000D  c_p.l(libinit2.o)
    0x0000016c   0x00000000   Code   RO          895    .ARM.Collect$$libinit$$0000000F  c_p.l(libinit2.o)
    0x0000016c   0x00000000   Code   RO          897    .ARM.Collect$$libinit$$00000011  c_p.l(libinit2.o)
    0x0000016c   0x00000000   Code   RO          899    .ARM.Collect$$libinit$$00000013  c_p.l(libinit2.o)
    0x0000016c   0x0000000a   Code   RO          900    .ARM.Collect$$libinit$$00000014  c_p.l(libinit2.o)
    0x00000176   0x00000000   Code   RO          901    .ARM.Collect$$libinit$$00000015  c_p.l(libinit2.o)
    0x00000176   0x00000000   Code   RO          903    .ARM.Collect$$libinit$$00000017  c_p.l(libinit2.o)
    0x00000176   0x00000000   Code   RO          905    .ARM.Collect$$libinit$$00000019  c_p.l(libinit2.o)
    0x00000176   0x00000000   Code   RO          907    .ARM.Collect$$libinit$$0000001B  c_p.l(libinit2.o)
    0x00000176   0x00000000   Code   RO          909    .ARM.Collect$$libinit$$0000001D  c_p.l(libinit2.o)
    0x00000176   0x00000000   Code   RO          911    .ARM.Collect$$libinit$$0000001F  c_p.l(libinit2.o)
    0x00000176   0x00000000   Code   RO          913    .ARM.Collect$$libinit$$00000021  c_p.l(libinit2.o)
    0x00000176   0x00000000   Code   RO          915    .ARM.Collect$$libinit$$00000023  c_p.l(libinit2.o)
    0x00000176   0x00000000   Code   RO          919    .ARM.Collect$$libinit$$0000002A  c_p.l(libinit2.o)
    0x00000176   0x00000000   Code   RO          921    .ARM.Collect$$libinit$$0000002C  c_p.l(libinit2.o)
    0x00000176   0x00000000   Code   RO          923    .ARM.Collect$$libinit$$0000002E  c_p.l(libinit2.o)
    0x00000176   0x00000000   Code   RO          925    .ARM.Collect$$libinit$$00000030  c_p.l(libinit2.o)
    0x00000176   0x00000002   Code   RO          926    .ARM.Collect$$libinit$$00000031  c_p.l(libinit2.o)
    0x00000178   0x00000002   Code   RO          969    .ARM.Collect$$libshutdown$$00000000  c_p.l(libshutdown.o)
    0x0000017a   0x00000000   Code   RO          991    .ARM.Collect$$libshutdown$$00000003  c_p.l(libshutdown2.o)
    0x0000017a   0x00000000   Code   RO          994    .ARM.Collect$$libshutdown$$00000006  c_p.l(libshutdown2.o)
    0x0000017a   0x00000000   Code   RO          997    .ARM.Collect$$libshutdown$$00000009  c_p.l(libshutdown2.o)
    0x0000017a   0x00000000   Code   RO          999    .ARM.Collect$$libshutdown$$0000000B  c_p.l(libshutdown2.o)
    0x0000017a   0x00000000   Code   RO         1002    .ARM.Collect$$libshutdown$$0000000E  c_p.l(libshutdown2.o)
    0x0000017a   0x00000002   Code   RO         1003    .ARM.Collect$$libshutdown$$0000000F  c_p.l(libshutdown2.o)
    0x0000017c   0x00000000   Code   RO          795    .ARM.Collect$$rtentry$$00000000  c_p.l(rtentry.o)
    0x0000017c   0x00000000   Code   RO          815    .ARM.Collect$$rtentry$$00000002  c_p.l(rtentry2.o)
    0x0000017c   0x00000006   Code   RO          827    .ARM.Collect$$rtentry$$00000004  c_p.l(rtentry4.o)
    0x00000182   0x00000000   Code   RO          817    .ARM.Collect$$rtentry$$00000009  c_p.l(rtentry2.o)
    0x00000182   0x00000004   Code   RO          818    .ARM.Collect$$rtentry$$0000000A  c_p.l(rtentry2.o)
    0x00000186   0x00000000   Code   RO          820    .ARM.Collect$$rtentry$$0000000C  c_p.l(rtentry2.o)
    0x00000186   0x00000008   Code   RO          821    .ARM.Collect$$rtentry$$0000000D  c_p.l(rtentry2.o)
    0x0000018e   0x00000002   Code   RO          930    .ARM.Collect$$rtexit$$00000000  c_p.l(rtexit.o)
    0x00000190   0x00000000   Code   RO          943    .ARM.Collect$$rtexit$$00000002  c_p.l(rtexit2.o)
    0x00000190   0x00000004   Code   RO          944    .ARM.Collect$$rtexit$$00000003  c_p.l(rtexit2.o)
    0x00000194   0x00000006   Code   RO          945    .ARM.Collect$$rtexit$$00000004  c_p.l(rtexit2.o)
    0x0000019a   0x00000002   PAD
    0x0000019c   0x00000056   Code   RO          540    .emb_text           retarget.o
    0x000001f2   0x00000002   PAD
    0x000001f4   0x00000038   Code   RO          753    .emb_text           c_p.l(rt_memcpy.o)
    0x0000022c   0x00000074   Code   RO            4  * .text               startup_m051series.o
    0x000002a0   0x000000dc   Code   RO           12    .text               system_m051series.o
    0x0000037c   0x00000032   Code   RO          104    .text               delay.o
    0x000003ae   0x00000002   PAD
    0x000003b0   0x0000047e   Code   RO          188    .text               lcd_driver.o
    0x0000082e   0x00000002   PAD
    0x00000830   0x00005c08   Code   RO          278    .text               main.o
    0x00006438   0x000000f0   Code   RO          341    .text               gui.o
    0x00006528   0x00004370   Code   RO          371    .text               demo.o
    0x0000a898   0x00000144   Code   RO          391    .text               ds18b20.o
    0x0000a9dc   0x000005b8   Code   RO          442    .text               ds1390.o
    0x0000af94   0x00000080   Code   RO          462    .text               relay.o
    0x0000b014   0x000004e0   Code   RO          500    .text               clk.o
    0x0000b4f4   0x00000060   Code   RO          520    .text               gpio.o
    0x0000b554   0x00000208   Code   RO          541    .text               retarget.o
    0x0000b75c   0x000000d8   Code   RO          572    .text               sys.o
    0x0000b834   0x00000400   Code   RO          592    .text               uart.o
    0x0000bc34   0x00000738   Code   RO          631    .text               spi.o
    0x0000c36c   0x00000248   Code   RO          651    .text               timer.o
    0x0000c5b4   0x00000154   Code   RO          672    .text               fmc.o
    0x0000c708   0x0000001c   Code   RO          700    .text               c_p.l(noretval__2printf.o)
    0x0000c724   0x0000004e   Code   RO          704    .text               c_p.l(_printf_pad.o)
    0x0000c772   0x00000002   PAD
    0x0000c774   0x0000006c   Code   RO          706    .text               c_p.l(_printf_dec.o)
    0x0000c7e0   0x00000058   Code   RO          711    .text               c_p.l(_printf_hex_int.o)
    0x0000c838   0x00000138   Code   RO          741    .text               c_p.l(__printf_flags_wp.o)
    0x0000c970   0x0000015a   Code   RO          757    .text               c_p.l(aeabi_sdiv.o)
    0x0000caca   0x00000006   Code   RO          761    .text               c_p.l(heapauxi.o)
    0x0000cad0   0x0000007c   Code   RO          765    .text               fz_ps.l(d2f.o)
    0x0000cb4c   0x0000034c   Code   RO          767    .text               fz_ps.l(daddsub.o)
    0x0000ce98   0x00000058   Code   RO          769    .text               fz_ps.l(dflti.o)
    0x0000cef0   0x00000258   Code   RO          773    .text               fz_ps.l(dmul.o)
    0x0000d148   0x00000058   Code   RO          775    .text               fz_ps.l(f2d.o)
    0x0000d1a0   0x0000004c   Code   RO          783    .text               fz_ps.l(ffixi.o)
    0x0000d1ec   0x0000005e   Code   RO          785    .text               fz_ps.l(fflti.o)
    0x0000d24a   0x000000b0   Code   RO          800    .text               c_p.l(_printf_intcommon.o)
    0x0000d2fa   0x00000002   PAD
    0x0000d2fc   0x00000414   Code   RO          802    .text               c_p.l(_printf_fp_dec.o)
    0x0000d710   0x00000028   Code   RO          804    .text               c_p.l(_printf_char_file.o)
    0x0000d738   0x00000028   Code   RO          807    .text               c_p.l(rtudiv10.o)
    0x0000d760   0x00000090   Code   RO          809    .text               fz_ps.l(dcmpin.o)
    0x0000d7f0   0x00000064   Code   RO          811    .text               fz_ps.l(fcmpin.o)
    0x0000d854   0x00000008   Code   RO          834    .text               c_p.l(rt_locale_intlibspace.o)
    0x0000d85c   0x0000007a   Code   RO          836    .text               c_p.l(lludiv10.o)
    0x0000d8d6   0x00000002   PAD
    0x0000d8d8   0x00000030   Code   RO          838    .text               c_p.l(_printf_char_common.o)
    0x0000d908   0x00000088   Code   RO          840    .text               c_p.l(_printf_fp_infnan.o)
    0x0000d990   0x000000cc   Code   RO          842    .text               c_p.l(bigflt0.o)
    0x0000da5c   0x000004a8   Code   RO          845    .text               c_p.l(btod.o)
    0x0000df04   0x00000030   Code   RO          852    .text               fz_ps.l(cmpret.o)
    0x0000df34   0x00000014   Code   RO          854    .text               fz_ps.l(dnan2.o)
    0x0000df48   0x00000010   Code   RO          856    .text               fz_ps.l(fnan2.o)
    0x0000df58   0x00000008   Code   RO          862    .text               c_p.l(libspace.o)
    0x0000df60   0x0000003e   Code   RO          865    .text               c_p.l(sys_stackheap_outer.o)
    0x0000df9e   0x0000000c   Code   RO          870    .text               c_p.l(exit.o)
    0x0000dfaa   0x00000002   PAD
    0x0000dfac   0x00000088   Code   RO          876    .text               c_p.l(strcmp.o)
    0x0000e034   0x0000005e   Code   RO          927    .text               fz_ps.l(retnan.o)
    0x0000e092   0x00000030   Code   RO          847    i.__ARM_common_ll_muluu  c_p.l(btod.o)
    0x0000e0c2   0x00000002   PAD
    0x0000e0c4   0x0000002c   Code   RO          860    i.__ARM_fpclassify  m_ps.l(fpclassify.o)
    0x0000e0f0   0x0000000e   Code   RO          739    i._is_digit         c_p.l(__printf_wp.o)
    0x0000e0fe   0x00000002   PAD
    0x0000e100   0x0000002c   Code   RO          850    locale$$code        c_p.l(lc_numeric_c.o)
    0x0000e12c   0x00000064   Code   RO          771    x$fpl$dleqf         fz_ps.l(dlef.o)
    0x0000e190   0x0000008c   Code   RO          777    x$fpl$fadd          fz_ps.l(faddsub.o)
    0x0000e21c   0x00000054   Code   RO          787    x$fpl$fleqf         fz_ps.l(flef.o)
    0x0000e270   0x000000b0   Code   RO          789    x$fpl$fmul          fz_ps.l(fmul.o)
    0x0000e320   0x00000058   Code   RO          791    x$fpl$frleqf        fz_ps.l(frlef.o)
    0x0000e378   0x00000018   Code   RO          778    x$fpl$frsb          fz_ps.l(faddsub.o)
    0x0000e390   0x000000d0   Code   RO          779    x$fpl$fsub          fz_ps.l(faddsub.o)
    0x0000e460   0x00000010   Code   RO          793    x$fpl$printf1       fz_ps.l(printf1.o)
    0x0000e470   0x00000000   Code   RO          813    x$fpl$usenofp       fz_ps.l(usenofp.o)
    0x0000e470   0x00000020   Data   RO           13    .constdata          system_m051series.o
    0x0000e490   0x00000e00   Data   RO          342    .constdata          gui.o
    0x0000f290   0x00000030   Data   RO          593    .constdata          uart.o
    0x0000f2c0   0x00000020   Data   RO          652    .constdata          timer.o
    0x0000f2e0   0x00000028   Data   RO          712    .constdata          c_p.l(_printf_hex_int.o)
    0x0000f308   0x00000011   Data   RO          742    .constdata          c_p.l(__printf_flags_wp.o)
    0x0000f319   0x00000003   PAD
    0x0000f31c   0x00000094   Data   RO          843    .constdata          c_p.l(bigflt0.o)
    0x0000f3b0   0x00000020   Data   RO         1004    Region$$Table       anon$$obj.o
    0x0000f3d0   0x0000001c   Data   RO          849    locale$$data        c_p.l(lc_numeric_c.o)


    Execution Region ER_RW (Base: 0x20000000, Size: 0x0000006c, Max: 0xffffffff, ABSOLUTE)

    Base Addr    Size         Type   Attr      Idx    E Section Name        Object

    0x20000000   0x0000000c   Data   RW           14    .data               system_m051series.o
    0x2000000c   0x00000054   Data   RW          280    .data               main.o
    0x20000060   0x0000000c   Data   RW          543    .data               retarget.o


    Execution Region ER_ZI (Base: 0x2000006c, Size: 0x0000048c, Max: 0xffffffff, ABSOLUTE)

    Base Addr    Size         Type   Attr      Idx    E Section Name        Object

    0x2000006c   0x00000018   Zero   RW          279    .bss                main.o
    0x20000084   0x00000010   Zero   RW          542    .bss                retarget.o
    0x20000094   0x00000060   Zero   RW          863    .bss                c_p.l(libspace.o)
    0x200000f4   0x00000004   PAD
    0x200000f8   0x00000000   Zero   RW            2    HEAP                startup_m051series.o
    0x200000f8   0x00000400   Zero   RW            1    STACK               startup_m051series.o


==============================================================================

Image component sizes


      Code (inc. data)   RO Data    RW Data    ZI Data      Debug   Object Name

      1248         88          0          0          0       5488   clk.o
        50          0          0          0          0        746   delay.o
     17264        108          0          0          0      17829   demo.o
      1464        150          0          0          0       2052   ds1390.o
       324         14          0          0          0      52263   ds18b20.o
       340          4          0          0          0       4575   fmc.o
        96          4          0          0          0       1166   gpio.o
       240          8       3584          0          0       1552   gui.o
      1150         10          0          0          0       3169   lcd_driver.o
     23560       1418          0         84         24      85450   main.o
       128         12          0          0          0        532   relay.o
       606        148          0         12         16       4437   retarget.o
      1848         34          0          0          0       5350   spi.o
       116         56        192          0       1024        600   startup_m051series.o
       216          4          0          0          0       1670   sys.o
       220         36         32         12          0      12021   system_m051series.o
       584         40         32          0          0       2750   timer.o
      1024         44         48          0          0      61685   uart.o

    ----------------------------------------------------------------------
     50484       2178       3920        108       1064     263335   Object Totals
         0          0         32          0          0          0   (incl. Generated)
         6          0          0          0          0          0   (incl. Padding)

    ----------------------------------------------------------------------

      Code (inc. data)   RO Data    RW Data    ZI Data      Debug   Library Member Name

         8          0          0          0          0         68   __main.o
       312          6         17          0          0         76   __printf_flags_wp.o
        14          0          0          0          0         60   __printf_wp.o
        60          8          0          0          0          0   __scatter.o
        26          0          0          0          0          0   __scatter_copy.o
        28          0          0          0          0          0   __scatter_zi.o
        48          6          0          0          0         88   _printf_char_common.o
        40          6          0          0          0         72   _printf_char_file.o
        10          0          0          0          0          0   _printf_d.o
       108         18          0          0          0         76   _printf_dec.o
        10          0          0          0          0          0   _printf_f.o
      1044         12          0          0          0        176   _printf_fp_dec.o
       136         16          0          0          0         76   _printf_fp_infnan.o
        88          4         40          0          0         72   _printf_hex_int.o
       176          0          0          0          0         84   _printf_intcommon.o
        78          0          0          0          0        100   _printf_pad.o
         2          0          0          0          0          0   _printf_percent.o
         4          0          0          0          0          0   _printf_percent_end.o
        10          0          0          0          0          0   _printf_x.o
       346          0          0          0          0         92   aeabi_sdiv.o
       204          4        148          0          0         80   bigflt0.o
      1240         12          0          0          0        316   btod.o
        12          0          0          0          0         64   exit.o
         6          0          0          0          0        136   heapauxi.o
        44         10         28          0          0         76   lc_numeric_c.o
         2          0          0          0          0          0   libinit.o
        22          0          0          0          0          0   libinit2.o
         2          0          0          0          0          0   libshutdown.o
         2          0          0          0          0          0   libshutdown2.o
         8          4          0          0         96         68   libspace.o
       122          0          0          0          0         72   lludiv10.o
        28          6          0          0          0         84   noretval__2printf.o
         8          4          0          0          0         68   rt_locale_intlibspace.o
        56          0          0          0          0         68   rt_memcpy.o
         0          0          0          0          0          0   rtentry.o
        12          0          0          0          0          0   rtentry2.o
         6          0          0          0          0          0   rtentry4.o
         2          0          0          0          0          0   rtexit.o
        10          0          0          0          0          0   rtexit2.o
        40          0          0          0          0         60   rtudiv10.o
       136          4          0          0          0         72   strcmp.o
        62          0          0          0          0         80   sys_stackheap_outer.o
        48          6          0          0          0         60   cmpret.o
       124          4          0          0          0         72   d2f.o
       844         22          0          0          0        228   daddsub.o
       144          4          0          0          0         76   dcmpin.o
        88          0          0          0          0         92   dflti.o
       100          4          0          0          0         92   dlef.o
       600         22          0          0          0         84   dmul.o
        20          6          0          0          0         68   dnan2.o
        88          6          0          0          0         60   f2d.o
       372          8          0          0          0        240   faddsub.o
       100          4          0          0          0         68   fcmpin.o
        76          0          0          0          0         68   ffixi.o
        94          0          0          0          0         92   fflti.o
        84          4          0          0          0         76   flef.o
       176          4          0          0          0         80   fmul.o
        16          6          0          0          0         68   fnan2.o
        88          4          0          0          0         76   frlef.o
        16          4          0          0          0         76   printf1.o
        94          0          0          0          0         68   retnan.o
         0          0          0          0          0          0   usenofp.o
        44          6          0          0          0         60   fpclassify.o

    ----------------------------------------------------------------------
      7804        234        236          0        100       4088   Library Totals
        16          0          3          0          4          0   (incl. Padding)

    ----------------------------------------------------------------------

      Code (inc. data)   RO Data    RW Data    ZI Data      Debug   Library Name

      4572        120        233          0         96       2284   c_p.l
      3172        108          0          0          0       1744   fz_ps.l
        44          6          0          0          0         60   m_ps.l

    ----------------------------------------------------------------------
      7804        234        236          0        100       4088   Library Totals

    ----------------------------------------------------------------------

==============================================================================


      Code (inc. data)   RO Data    RW Data    ZI Data      Debug   

     58288       2412       4156        108       1164     263687   Grand Totals
     58288       2412       4156        108       1164     263687   ELF Image Totals
     58288       2412       4156        108          0          0   ROM Totals

==============================================================================

    Total RO  Size (Code + RO Data)                62444 (  60.98kB)
    Total RW  Size (RW Data + ZI Data)              1272 (   1.24kB)
    Total ROM Size (Code + RO Data + RW Data)      62552 (  61.09kB)

==============================================================================

